// Vitest Snapshot v1, https://vitest.dev/guide/snapshot.html

exports[`PriceBlock — rendered-output snapshots > EUR: two-decimal fx approximation renders '≈ €66.54' with the approx marker 1`] = `"<div class="rounded-2xl border border-white/10 p-5 mb-5 text-center animate-fadeUp" style="background:rgba(255,255,255,0.03);animation-delay:0.35s"><p class="text-gray-500 text-xs uppercase tracking-wider mb-1">Price</p><p class="text-white text-2xl font-bold font-mono">72.99 USDC</p><p class="mt-1 text-sm text-gray-400"><span aria-label="Approximately 66.54 EUR, converted amount — approximate, not the charged price">≈ €66.54</span> <span aria-hidden="true" class="text-[11px] text-gray-500">(approx.)</span></p></div>"`;

exports[`PriceBlock — rendered-output snapshots > JPY: zero-decimal fx approximation renders '≈ ¥12366' with no invented fraction 1`] = `"<div class="rounded-2xl border border-white/10 p-5 mb-5 text-center animate-fadeUp" style="background:rgba(255,255,255,0.03);animation-delay:0.35s"><p class="text-gray-500 text-xs uppercase tracking-wider mb-1">Price</p><p class="text-white text-2xl font-bold font-mono">72.99 USDC</p><p class="mt-1 text-sm text-gray-400"><span aria-label="Approximately 12366 JPY, converted amount — approximate, not the charged price">≈ ¥12366</span> <span aria-hidden="true" class="text-[11px] text-gray-500">(approx.)</span></p></div>"`;
